./plugins/terser/generated/plugins/other-plugin/generated/input.js
